// Vitest Snapshot v1, https://vitest.dev/guide/snapshot.html

exports[`importMapReplace > should handle CSS modules 1`] = `
{
  "code": "import styles from "./styles.module.css";",
  "result": "/** importMapReplace */
import styles from "./styles.module.css.mjs";",
}
`;

exports[`importMapReplace > should handle JSON modules 1`] = `
{
  "code": "import data from "./data.json";",
  "result": "/** importMapReplace */
import data from "./data.json.mjs";",
}
`;

exports[`importMapReplace > should handle TypeScript path aliases 1`] = `
{
  "code": "import { component } from "@components/Button";",
  "result": "/** importMapReplace */
import { component } from "http://localhost:3000/@components/Button?bundle=true&external=react,react-dom,framer-motion,@emotion/react,@emotion/styled&exports=component";",
}
`;

exports[`importMapReplace > should handle URLs with complex query parameters 1`] = `
{
  "code": "import { module } from "https://example.com/module?version=1.2.3&format=esm&debug=true";",
  "result": "/** importMapReplace */
import { module } from "https://example.com/module?version=1.2.3&format=esm&debug=true";",
}
`;

exports[`importMapReplace > should handle URLs with hash fragments 1`] = `
{
  "code": "import { section } from "module#section";",
  "result": "/** importMapReplace */
import { section } from "http://localhost:3000/module#section?bundle=true&external=react,react-dom,framer-motion,@emotion/react,@emotion/styled&exports=section";",
}
`;

exports[`importMapReplace > should handle URLs with version tags 1`] = `
{
  "code": "import { lib } from "https://esm.sh/lodash@4.17.21";",
  "result": "/** importMapReplace */
import { lib } from "https://esm.sh/lodash@4.17.21";",
}
`;

exports[`importMapReplace > should handle WASM modules 1`] = `
{
  "code": "import * as wasm from "./module.wasm";",
  "result": "/** importMapReplace */
import * as wasm from "./module.wasm.mjs";",
}
`;

exports[`importMapReplace > should handle basic named imports 1`] = `
{
  "code": "import { prop, prop2 } from "foo";",
  "result": "/** importMapReplace */
import { prop, prop2 } from "http://localhost:3000/foo?bundle=true&external=react,react-dom,framer-motion,@emotion/react,@emotion/styled&exports=prop,prop2";",
}
`;

exports[`importMapReplace > should handle current directory marker 1`] = `
{
  "code": "import { tool } from "./././current/path";",
  "result": "/** importMapReplace */
import { tool } from "./././current/path.mjs";",
}
`;

exports[`importMapReplace > should handle data URLs 1`] = `
{
  "code": "import { foo } from "data:text/javascript,export const foo = 'bar'";",
  "result": "/** importMapReplace */
import { foo } from "data:text/javascript,export const foo = /index.js"bar'";",
}
`;

exports[`importMapReplace > should handle deep nested paths 1`] = `
{
  "code": "import { util } from "../../../../very/deep/nested/path";",
  "result": "/** importMapReplace */
import { util } from "../../../../very/deep/nested/path.mjs";",
}
`;

exports[`importMapReplace > should handle default and named imports together 1`] = `
{
  "code": "import React, { useState, useEffect } from "react";",
  "result": "/** importMapReplace */
import React, { useState, useEffect } from "react";",
}
`;

exports[`importMapReplace > should handle default import 1`] = `
{
  "code": "import React from "react";",
  "result": "/** importMapReplace */
import React from "react";",
}
`;

exports[`importMapReplace > should handle dynamic imports 1`] = `
{
  "code": "const mod = await import("module");",
  "result": "/** importMapReplace */
const mod = await import("http://localhost:3000/module?bundle=true&external=react,react-dom,framer-motion,@emotion/react,@emotion/styled");",
}
`;

exports[`importMapReplace > should handle dynamic imports with complex expressions 1`] = `
{
  "code": "const mod = await import(process.env.NODE_ENV === 'production' ? 'prod' : 'dev');",
  "result": "/** importMapReplace */
const mod = await import(process.env.NODE_ENV === 'production' ? 'prod' : 'dev');",
}
`;

exports[`importMapReplace > should handle dynamic imports with relative paths 1`] = `
{
  "code": "const mod = await import('./relative/path/module');",
  "result": "/** importMapReplace */
const mod = await import("relative/path/module.mjs");",
}
`;

exports[`importMapReplace > should handle dynamic imports with template literals 1`] = `
{
  "code": "const mod = await import(\`./modules/\${name}\`);",
  "result": "/** importMapReplace */
const mod = await import(\`./modules/\${name}\`);",
}
`;

exports[`importMapReplace > should handle export with destructuring 1`] = `
{
  "code": "export const { foo, bar } = await import("module");",
  "result": "/** importMapReplace */
export const { foo, bar } = await import("http://localhost:3000/module?bundle=true&external=react,react-dom,framer-motion,@emotion/react,@emotion/styled");",
}
`;

exports[`importMapReplace > should handle export with rename 1`] = `
{
  "code": "export { foo as default } from "module";",
  "result": "/** importMapReplace */
export { foo as default } from "http://localhost:3000/module?bundle=true&external=react,react-dom,framer-motion,@emotion/react,@emotion/styled";",
}
`;

exports[`importMapReplace > should handle http URLs from different origin 1`] = `
{
  "code": "import { lib } from "http://example.com/lib?bundle=true&exports=foo";",
  "result": "/** importMapReplace */
import { lib } from "http://example.com/lib?bundle=true&exports=foo";",
}
`;

exports[`importMapReplace > should handle http URLs from same origin 1`] = `
{
  "code": "import { lib } from "http://localhost:3000/lib?bundle=true&exports=foo";",
  "result": "/** importMapReplace */
import { lib } from "http://localhost:3000/lib?bundle=true&exports=foo";",
}
`;

exports[`importMapReplace > should handle https URLs 1`] = `
{
  "code": "import { secure } from "https://example.com/secure-module";",
  "result": "/** importMapReplace */
import { secure } from "https://example.com/secure-module";",
}
`;

exports[`importMapReplace > should handle import with empty specifiers 1`] = `
{
  "code": "import {} from "empty-module";",
  "result": "/** importMapReplace */
import {} from "http://localhost:3000/empty-module?bundle=true&external=react,react-dom,framer-motion,@emotion/react,@emotion/styled";",
}
`;

exports[`importMapReplace > should handle import with export 1`] = `
{
  "code": "export { foo } from "bar";",
  "result": "/** importMapReplace */
export { foo } from "http://localhost:3000/bar?bundle=true&external=react,react-dom,framer-motion,@emotion/react,@emotion/styled";",
}
`;

exports[`importMapReplace > should handle imports with comments 1`] = `
{
  "code": "// This is a comment
    import { foo } from "bar"; // End of line comment",
  "result": "/** importMapReplace */
import { foo } from "http://localhost:3000/bar?bundle=true&external=react,react-dom,framer-motion,@emotion/react,@emotion/styled&exports=foo"; // End of line comment",
}
`;

exports[`importMapReplace > should handle imports with unicode characters 1`] = `
{
  "code": "import { π, λ, γ } from "math-symbols";",
  "result": "/** importMapReplace */
import { π, λ, γ } from "math-symbols";",
}
`;

exports[`importMapReplace > should handle imports with unusual whitespace 1`] = `
{
  "code": "import    {    foo   ,   bar   }    from     "module"   ;",
  "result": "/** importMapReplace */
import    {    foo   ,   bar   }    from     "http://localhost:3000/module?bundle=true&external=react,react-dom,framer-motion,@emotion/react,@emotion/styled&exports=foo,bar"   ;",
}
`;

exports[`importMapReplace > should handle live URLs 1`] = `
{
  "code": "import { Component } from "/live/components/Button";",
  "result": "/** importMapReplace */
import { Component } from "/live/components/Button/index.js";",
}
`;

exports[`importMapReplace > should handle multi-line imports 1`] = `
{
  "code": "import {
      foo,
      bar,
      baz
    } from "module";",
  "result": "/** importMapReplace */
import {
foo,
bar,
baz
} from "http://localhost:3000/module?bundle=true&external=react,react-dom,framer-motion,@emotion/react,@emotion/styled&exports=foo,bar,baz";",
}
`;

exports[`importMapReplace > should handle multiple exports 1`] = `
{
  "code": "export { foo, bar as default, baz as customName } from "module";",
  "result": "/** importMapReplace */
export { foo, bar as default, baz as customName } from "http://localhost:3000/module?bundle=true&external=react,react-dom,framer-motion,@emotion/react,@emotion/styled";",
}
`;

exports[`importMapReplace > should handle multiple named imports with complex names 1`] = `
{
  "code": "import { camelCase, snake_case, PascalCase, CONSTANT_CASE } from "utils";",
  "result": "/** importMapReplace */
import { camelCase, snake_case, PascalCase, CONSTANT_CASE } from "http://localhost:3000/utils?bundle=true&external=react,react-dom,framer-motion,@emotion/react,@emotion/styled&exports=camelCase,snake_case,PascalCase,CONSTANT_CASE";",
}
`;

exports[`importMapReplace > should handle parent directory relative imports 1`] = `
{
  "code": "import { shared } from "../shared/utils";",
  "result": "/** importMapReplace */
import { shared } from "../shared/utils.mjs";",
}
`;

exports[`importMapReplace > should handle relative imports without extension 1`] = `
{
  "code": "import { helper } from "./utils/helper";",
  "result": "/** importMapReplace */
import { helper } from "utils/helper.mjs";",
}
`;

exports[`importMapReplace > should handle scoped packages 1`] = `
{
  "code": "import { component } from "@scope/package/component";",
  "result": "/** importMapReplace */
import { component } from "http://localhost:3000/@scope/package/component?bundle=true&external=react,react-dom,framer-motion,@emotion/react,@emotion/styled&exports=component";",
}
`;

exports[`importMapReplace > should handle service worker registration 1`] = `
{
  "code": "import { register } from "@/workers/service-worker";",
  "result": "/** importMapReplace */
import { register } from "/@/workers/service-worker.mjs";",
}
`;

exports[`importMapReplace > should handle should preserve existing extensions in relative imports 1`] = `
{
  "code": "import { component } from "./components/Button";",
  "result": "/** importMapReplace */
import { component } from "components/Button.mjs";",
}
`;

exports[`importMapReplace > should handle should prevent double processing 1`] = `
{
  "code": "/** importMapReplace */
    import { foo } from "bar";",
  "result": "/** importMapReplace */
    import { foo } from "bar";",
}
`;

exports[`importMapReplace > should handle should transpile worker files to js with bare import 1`] = `
{
  "code": "import "@/workers/monaco-editor.worker";",
  "result": "/** importMapReplace */
import "http://localhost:3000/@/workers/monaco-editor.worker.js";",
}
`;

exports[`importMapReplace > should handle should transpile worker files to js with wildcard import 1`] = `
{
  "code": "import * as Monaco from "@/workers/monaco-editor.worker";",
  "result": "/** importMapReplace */
import * as Monaco from "/@/workers/monaco-editor.worker.mjs";",
}
`;

exports[`importMapReplace > should handle specific exports 1`] = `
{
  "code": "import { __await, __rest } from "tslib";",
  "result": "/** importMapReplace */
import { __await, __rest } from "http://localhost:3000/tslib?bundle=true&external=react,react-dom,framer-motion,@emotion/react,@emotion/styled&exports=__await,__rest";",
}
`;

exports[`importMapReplace > should handle specific named imports with aliases 1`] = `
{
  "code": "import { __await as aw, __rest as restNow} from "tslib";",
  "result": "/** importMapReplace */
import { __await as aw, __rest as restNow} from "http://localhost:3000/tslib?bundle=true&external=react,react-dom,framer-motion,@emotion/react,@emotion/styled&exports=__await,__rest";",
}
`;

exports[`importMapReplace > should handle web worker imports 1`] = `
{
  "code": "import Worker from "@/workers/computation.worker";",
  "result": "/** importMapReplace */
import Worker from "/@/workers/computation.worker.mjs";",
}
`;
