// Vitest Snapshot v1, https://vitest.dev/guide/snapshot.html

exports[`RouteHandler > Route Handlers > handleDefaultRoute > should return HTML with correct replacements 1`] = `
"<!DOCTYPE html>
<html lang="en">
  <head>
    <base href="/" />
    <meta charset="UTF-8" />
    <meta name="viewport" content="width=device-width, initial-scale=1.0" />
    <title>spike.land</title>
    <link
      rel="preload"
      href="https://fonts.googleapis.com/css2?family=Roboto+Flex:opsz,wght@8..144,100..1000&display=swap"
      as="style"
    />
    <link
      href="https://fonts.googleapis.com/css2?family=Roboto+Flex:opsz,wght@8..144,100..1000&display=swap"
      rel="stylesheet"
    />

    <script type="importmap">
      {
        "imports": {
          "@/": "/@/",
          "@emotion/react/jsx-runtime": "/emotionJsxRuntime.mjs",
          "@emotion/react/jsx-dev-runtime": "/emotionJsxRuntime.mjs",
          "@emotion/styled": "/emotionStyled.mjs", 
          "react/jsx-runtime": "/jsx.mjs",
          "react-dom/server": "/reactDomServer.mjs",
          "react-dom/client": "/reactDomClient.mjs",
          "@emotion/react": "/emotion.mjs",
          "react": "/reactMod.mjs",
          "framer-motion": "/@/workers/framer-motion.mjs",
          "react-dom": "/reactDom.mjs"
        }
      }
    </script>
  </head>
  <style>
  mock css
  </style>

  <body>
    
    <div id="embed">mock html</div>
    <script type="module" src="/start.mjs"></script>
  </body>
</html>
"
`;
